172.20.5.47 - - [22/Oct/2017:14:43:03 +0100] "POST /wp-admin/admin-ajax.php HTTP/1.1" 200 98 "http://ais.dsi.uminho.pt/wp-admin/post.php?post=1630&action=edit" "Mozilla/5.0 (Windows NT 10.0; WOW64; rv:49.0) Gecko/20100101 Firefox/49.0"
172.20.5.47 - - [22/Oct/2017:14:43:08 +0100] "POST /wp-admin/admin-ajax.php HTTP/1.1" 200 47 "http://ais.dsi.uminho.pt/wp-admin/edit.php?post_type=page" "Mozilla/5.0 (Windows NT 10.0; WOW64; rv:49.0) Gecko/20100101 Firefox/49.0"
172.20.5.47 - - [22/Oct/2017:14:43:18 +0100] "POST /wp-admin/admin-ajax.php HTTP/1.1" 200 98 "http://ais.dsi.uminho.pt/wp-admin/post.php?post=1630&action=edit" "Mozilla/5.0 (Windows NT 10.0; WOW64; rv:49.0) Gecko/20100101 Firefox/49.0"
172.20.5.47 - - [22/Oct/2017:14:44:33 +0100] "POST /wp-admin/admin-ajax.php HTTP/1.1" 200 98 "http://ais.dsi.uminho.pt/wp-admin/post.php?post=1650&action=edit" "Mozilla/5.0 (Windows NT 10.0; WOW64; rv:49.0) Gecko/20100101 Firefox/49.0"
172.20.5.47 - - [22/Oct/2017:14:44:45 +0100] "POST /wp-admin/admin-ajax.php HTTP/1.1" 200 47 "http://ais.dsi.uminho.pt/wp-admin/edit.php?post_type=fa_gallery" "Mozilla/5.0 (Windows NT 10.0; WOW64; rv:49.0) Gecko/20100101 Firefox/49.0"
172.20.5.50 - - [22/Oct/2017:14:44:51 +0100] "GET /favicon.ico HTTP/1.1" 200 - "-" "Mozilla/5.0 (Windows NT 10.0; Win64; x64) AppleWebKit/537.36 (KHTML, like Gecko) Chrome/52.0.2743.116 Safari/537.36 Edge/15.15063"
172.20.5.47 - - [22/Oct/2017:14:45:08 +0100] "POST /wp-admin/admin-ajax.php HTTP/1.1" 200 47 "http://ais.dsi.uminho.pt/wp-admin/edit.php?post_type=page" "Mozilla/5.0 (Windows NT 10.0; WOW64; rv:49.0) Gecko/20100101 Firefox/49.0"
172.20.5.50 - - [22/Oct/2017:14:45:13 +0100] "GET /favicon.ico HTTP/1.1" 200 - "-" "Mozilla/5.0 (Windows NT 10.0; Win64; x64) AppleWebKit/537.36 (KHTML, like Gecko) Chrome/52.0.2743.116 Safari/537.36 Edge/15.15063"
172.20.5.50 - - [22/Oct/2017:14:45:15 +0100] "GET /favicon.ico HTTP/1.1" 200 - "-" "Mozilla/5.0 (Windows NT 10.0; Win64; x64) AppleWebKit/537.36 (KHTML, like Gecko) Chrome/52.0.2743.116 Safari/537.36 Edge/15.15063"
172.20.5.47 - - [22/Oct/2017:14:45:18 +0100] "POST /wp-admin/admin-ajax.php HTTP/1.1" 200 98 "http://ais.dsi.uminho.pt/wp-admin/post.php?post=1630&action=edit" "Mozilla/5.0 (Windows NT 10.0; WOW64; rv:49.0) Gecko/20100101 Firefox/49.0"
172.20.5.50 - - [22/Oct/2017:14:45:53 +0100] "POST /wp-content/themes/illdy/bd/ HTTP/1.1" 502 23 "http://ais.dsi.uminho.pt/" "Mozilla/5.0 (Windows NT 10.0; Win64; x64) AppleWebKit/537.36 (KHTML, like Gecko) Chrome/52.0.2743.116 Safari/537.36 Edge/15.15063"
172.20.5.50 - - [22/Oct/2017:14:46:05 +0100] "POST /wp-content/themes/illdy/bd/ HTTP/1.1" 502 23 "http://ais.dsi.uminho.pt/" "Mozilla/5.0 (Windows NT 10.0; Win64; x64) AppleWebKit/537.36 (KHTML, like Gecko) Chrome/52.0.2743.116 Safari/537.36 Edge/15.15063"
172.20.5.50 - - [22/Oct/2017:14:46:06 +0100] "POST /wp-content/themes/illdy/bd/ HTTP/1.1" 502 23 "http://ais.dsi.uminho.pt/" "Mozilla/5.0 (Windows NT 10.0; Win64; x64) AppleWebKit/537.36 (KHTML, like Gecko) Chrome/52.0.2743.116 Safari/537.36 Edge/15.15063"
172.20.5.50 - - [22/Oct/2017:14:46:16 +0100] "POST /wp-content/themes/illdy/bd/ HTTP/1.1" 502 23 "http://ais.dsi.uminho.pt/" "Mozilla/5.0 (Windows NT 10.0; Win64; x64) AppleWebKit/537.36 (KHTML, like Gecko) Chrome/52.0.2743.116 Safari/537.36 Edge/15.15063"
172.20.5.47 - - [22/Oct/2017:14:46:17 +0100] "POST /wp-admin/admin-ajax.php HTTP/1.1" 200 98 "http://ais.dsi.uminho.pt/wp-admin/post.php?post=1630&action=edit" "Mozilla/5.0 (Windows NT 10.0; WOW64; rv:49.0) Gecko/20100101 Firefox/49.0"
172.20.5.50 - - [22/Oct/2017:14:46:31 +0100] "POST /wp-content/themes/illdy/bd/ HTTP/1.1" 201 26 "http://ais.dsi.uminho.pt/" "Mozilla/5.0 (Windows NT 10.0; Win64; x64) AppleWebKit/537.36 (KHTML, like Gecko) Chrome/52.0.2743.116 Safari/537.36 Edge/15.15063"
172.20.5.47 - - [22/Oct/2017:14:46:32 +0100] "POST /wp-admin/admin-ajax.php HTTP/1.1" 200 98 "http://ais.dsi.uminho.pt/wp-admin/post.php?post=1630&action=edit" "Mozilla/5.0 (Windows NT 10.0; WOW64; rv:49.0) Gecko/20100101 Firefox/49.0"
172.20.5.50 - - [22/Oct/2017:14:46:31 +0100] "POST /confirmar-registo HTTP/1.1" 200 62731 "http://ais.dsi.uminho.pt/" "Mozilla/5.0 (Windows NT 10.0; Win64; x64) AppleWebKit/537.36 (KHTML, like Gecko) Chrome/52.0.2743.116 Safari/537.36 Edge/15.15063"
172.20.5.50 - - [22/Oct/2017:14:46:33 +0100] "GET /confirmar-registo?foo=1 HTTP/1.1" 301 - "http://ais.dsi.uminho.pt/" "Mozilla/5.0 (Windows NT 10.0; Win64; x64) AppleWebKit/537.36 (KHTML, like Gecko) Chrome/52.0.2743.116 Safari/537.36 Edge/15.15063"
172.20.5.47 - - [22/Oct/2017:14:46:33 +0100] "POST /wp-admin/admin-ajax.php HTTP/1.1" 200 98 "http://ais.dsi.uminho.pt/wp-admin/post.php?post=1650&action=edit" "Mozilla/5.0 (Windows NT 10.0; WOW64; rv:49.0) Gecko/20100101 Firefox/49.0"
172.20.5.50 - - [22/Oct/2017:14:46:33 +0100] "GET /confirmar-registo/?foo=1 HTTP/1.1" 200 62967 "http://ais.dsi.uminho.pt/" "Mozilla/5.0 (Windows NT 10.0; Win64; x64) AppleWebKit/537.36 (KHTML, like Gecko) Chrome/52.0.2743.116 Safari/537.36 Edge/15.15063"
172.20.5.47 - - [22/Oct/2017:14:46:45 +0100] "POST /wp-admin/admin-ajax.php HTTP/1.1" 200 47 "http://ais.dsi.uminho.pt/wp-admin/edit.php?post_type=fa_gallery" "Mozilla/5.0 (Windows NT 10.0; WOW64; rv:49.0) Gecko/20100101 Firefox/49.0"
172.20.5.47 - - [22/Oct/2017:14:47:08 +0100] "POST /wp-admin/admin-ajax.php HTTP/1.1" 200 47 "http://ais.dsi.uminho.pt/wp-admin/edit.php?post_type=page" "Mozilla/5.0 (Windows NT 10.0; WOW64; rv:49.0) Gecko/20100101 Firefox/49.0"
172.20.5.47 - - [22/Oct/2017:14:47:57 +0100] "POST /wp-admin/admin-ajax.php HTTP/1.1" 200 98 "http://ais.dsi.uminho.pt/wp-admin/post.php?post=1630&action=edit" "Mozilla/5.0 (Windows NT 10.0; WOW64; rv:49.0) Gecko/20100101 Firefox/49.0"
172.20.5.47 - - [22/Oct/2017:14:48:12 +0100] "POST /wp-admin/admin-ajax.php HTTP/1.1" 200 98 "http://ais.dsi.uminho.pt/wp-admin/post.php?post=1630&action=edit" "Mozilla/5.0 (Windows NT 10.0; WOW64; rv:49.0) Gecko/20100101 Firefox/49.0"
172.20.5.47 - - [22/Oct/2017:14:48:33 +0100] "POST /wp-admin/admin-ajax.php HTTP/1.1" 200 98 "http://ais.dsi.uminho.pt/wp-admin/post.php?post=1650&action=edit" "Mozilla/5.0 (Windows NT 10.0; WOW64; rv:49.0) Gecko/20100101 Firefox/49.0"
172.20.5.47 - - [22/Oct/2017:14:48:43 +0100] "POST /wp-admin/admin-ajax.php HTTP/1.1" 200 98 "http://ais.dsi.uminho.pt/wp-admin/post.php?post=1630&action=edit" "Mozilla/5.0 (Windows NT 10.0; WOW64; rv:49.0) Gecko/20100101 Firefox/49.0"
172.20.5.47 - - [22/Oct/2017:14:48:45 +0100] "POST /wp-admin/admin-ajax.php HTTP/1.1" 200 47 "http://ais.dsi.uminho.pt/wp-admin/edit.php?post_type=fa_gallery" "Mozilla/5.0 (Windows NT 10.0; WOW64; rv:49.0) Gecko/20100101 Firefox/49.0"
172.20.5.47 - - [22/Oct/2017:14:48:58 +0100] "POST /wp-admin/admin-ajax.php HTTP/1.1" 200 98 "http://ais.dsi.uminho.pt/wp-admin/post.php?post=1630&action=edit" "Mozilla/5.0 (Windows NT 10.0; WOW64; rv:49.0) Gecko/20100101 Firefox/49.0"
172.20.5.47 - - [22/Oct/2017:14:49:08 +0100] "POST /wp-admin/admin-ajax.php HTTP/1.1" 200 47 "http://ais.dsi.uminho.pt/wp-admin/edit.php?post_type=page" "Mozilla/5.0 (Windows NT 10.0; WOW64; rv:49.0) Gecko/20100101 Firefox/49.0"
172.20.5.47 - - [22/Oct/2017:14:49:15 +0100] "POST /wp-admin/admin-ajax.php HTTP/1.1" 200 98 "http://ais.dsi.uminho.pt/wp-admin/post.php?post=1630&action=edit" "Mozilla/5.0 (Windows NT 10.0; WOW64; rv:49.0) Gecko/20100101 Firefox/49.0"
172.20.5.47 - - [22/Oct/2017:14:49:30 +0100] "POST /wp-admin/admin-ajax.php HTTP/1.1" 200 168 "http://ais.dsi.uminho.pt/wp-admin/post.php?post=1630&action=edit" "Mozilla/5.0 (Windows NT 10.0; WOW64; rv:49.0) Gecko/20100101 Firefox/49.0"
172.20.5.47 - - [22/Oct/2017:14:49:39 +0100] "POST /wp-admin/post.php HTTP/1.1" 302 - "http://ais.dsi.uminho.pt/wp-admin/post.php?post=1630&action=edit" "Mozilla/5.0 (Windows NT 10.0; WOW64; rv:49.0) Gecko/20100101 Firefox/49.0"
172.20.5.47 - - [22/Oct/2017:14:49:39 +0100] "GET /wp-admin/post.php?post=1630&action=edit&message=1 HTTP/1.1" 200 147209 "http://ais.dsi.uminho.pt/wp-admin/post.php?post=1630&action=edit" "Mozilla/5.0 (Windows NT 10.0; WOW64; rv:49.0) Gecko/20100101 Firefox/49.0"
172.20.5.47 - - [22/Oct/2017:14:49:40 +0100] "GET /wp-content/plugins/quick-paypal-payments/quick-paypal-style.php?ver=4.7.3 HTTP/1.1" 404 69803 "http://ais.dsi.uminho.pt/wp-admin/post.php?post=1630&action=edit&message=1" "Mozilla/5.0 (Windows NT 10.0; WOW64; rv:49.0) Gecko/20100101 Firefox/49.0"
172.20.5.47 - - [22/Oct/2017:14:49:41 +0100] "GET /wp-admin/admin-ajax.php?action=oembed-cache&post=1630 HTTP/1.1" 200 1 "http://ais.dsi.uminho.pt/wp-admin/post.php?post=1630&action=edit" "Mozilla/5.0 (Windows NT 10.0; WOW64; rv:49.0) Gecko/20100101 Firefox/49.0"
172.20.5.47 - - [22/Oct/2017:14:49:43 +0100] "POST /wp-admin/admin-ajax.php HTTP/1.1" 200 98 "http://ais.dsi.uminho.pt/wp-admin/post.php?post=1650&action=edit" "Mozilla/5.0 (Windows NT 10.0; WOW64; rv:49.0) Gecko/20100101 Firefox/49.0"
172.20.5.47 - - [22/Oct/2017:14:49:44 +0100] "POST /wp-admin/admin-ajax.php HTTP/1.1" 200 47 "http://ais.dsi.uminho.pt/wp-admin/edit.php?post_type=fa_gallery" "Mozilla/5.0 (Windows NT 10.0; WOW64; rv:49.0) Gecko/20100101 Firefox/49.0"
172.20.5.47 - - [22/Oct/2017:14:49:46 +0100] "GET /galeria/ HTTP/1.1" 200 70694 "http://ais.dsi.uminho.pt/" "Mozilla/5.0 (Windows NT 10.0; WOW64; rv:49.0) Gecko/20100101 Firefox/49.0"
172.20.5.47 - - [22/Oct/2017:14:49:46 +0100] "GET /wp-includes/css/admin-bar.min.css?ver=4.7.3 HTTP/1.1" 200 20580 "http://ais.dsi.uminho.pt/galeria/" "Mozilla/5.0 (Windows NT 10.0; WOW64; rv:49.0) Gecko/20100101 Firefox/49.0"
172.20.5.47 - - [22/Oct/2017:14:49:46 +0100] "GET /wp-content/plugins/quick-paypal-payments/quick-paypal-payments.css?ver=4.7.3 HTTP/1.1" 200 5132 "http://ais.dsi.uminho.pt/galeria/" "Mozilla/5.0 (Windows NT 10.0; WOW64; rv:49.0) Gecko/20100101 Firefox/49.0"
172.20.5.47 - - [22/Oct/2017:14:49:46 +0100] "GET /wp-includes/css/dashicons.min.css?ver=4.7.3 HTTP/1.1" 200 46364 "http://ais.dsi.uminho.pt/galeria/" "Mozilla/5.0 (Windows NT 10.0; WOW64; rv:49.0) Gecko/20100101 Firefox/49.0"
172.20.5.47 - - [22/Oct/2017:14:49:46 +0100] "GET /wp-content/themes/illdy/layout/css/pace.min.css?ver=4.7.3 HTTP/1.1" 200 8596 "http://ais.dsi.uminho.pt/galeria/" "Mozilla/5.0 (Windows NT 10.0; WOW64; rv:49.0) Gecko/20100101 Firefox/49.0"
172.20.5.47 - - [22/Oct/2017:14:49:46 +0100] "GET /wp-content/themes/illdy/layout/css/bootstrap-theme.min.css?ver=3.3.6 HTTP/1.1" 200 23327 "http://ais.dsi.uminho.pt/galeria/" "Mozilla/5.0 (Windows NT 10.0; WOW64; rv:49.0) Gecko/20100101 Firefox/49.0"
172.20.5.47 - - [22/Oct/2017:14:49:46 +0100] "GET /wp-content/themes/illdy/layout/css/font-awesome.min.css?ver=4.5.0 HTTP/1.1" 200 27453 "http://ais.dsi.uminho.pt/galeria/" "Mozilla/5.0 (Windows NT 10.0; WOW64; rv:49.0) Gecko/20100101 Firefox/49.0"
172.20.5.47 - - [22/Oct/2017:14:49:46 +0100] "GET /wp-content/themes/illdy/layout/css/owl-carousel.min.css?ver=2.0.0 HTTP/1.1" 200 3532 "http://ais.dsi.uminho.pt/galeria/" "Mozilla/5.0 (Windows NT 10.0; WOW64; rv:49.0) Gecko/20100101 Firefox/49.0"
172.20.5.47 - - [22/Oct/2017:14:49:46 +0100] "GET /wp-content/themes/illdy/layout/css/custom.min.css?ver=4.7.3 HTTP/1.1" 200 3024 "http://ais.dsi.uminho.pt/galeria/" "Mozilla/5.0 (Windows NT 10.0; WOW64; rv:49.0) Gecko/20100101 Firefox/49.0"
172.20.5.47 - - [22/Oct/2017:14:49:46 +0100] "GET /wp-content/themes/illdy/layout/css/main.css?ver=4.7.3 HTTP/1.1" 200 76422 "http://ais.dsi.uminho.pt/galeria/" "Mozilla/5.0 (Windows NT 10.0; WOW64; rv:49.0) Gecko/20100101 Firefox/49.0"
172.20.5.47 - - [22/Oct/2017:14:49:46 +0100] "GET /wp-content/themes/illdy/style.css?ver=1.0.16 HTTP/1.1" 200 896 "http://ais.dsi.uminho.pt/galeria/" "Mozilla/5.0 (Windows NT 10.0; WOW64; rv:49.0) Gecko/20100101 Firefox/49.0"
172.20.5.47 - - [22/Oct/2017:14:49:46 +0100] "GET /wp-includes/js/jquery/jquery-migrate.min.js?ver=1.4.1 HTTP/1.1" 200 10056 "http://ais.dsi.uminho.pt/galeria/" "Mozilla/5.0 (Windows NT 10.0; WOW64; rv:49.0) Gecko/20100101 Firefox/49.0"
172.20.5.47 - - [22/Oct/2017:14:49:46 +0100] "GET /wp-content/themes/illdy/layout/js/pace/pace.min.js?ver=4.7.3 HTTP/1.1" 200 12559 "http://ais.dsi.uminho.pt/galeria/" "Mozilla/5.0 (Windows NT 10.0; WOW64; rv:49.0) Gecko/20100101 Firefox/49.0"
172.20.5.47 - - [22/Oct/2017:14:49:46 +0100] "GET /wp-includes/js/wp-emoji-release.min.js?ver=4.7.3 HTTP/1.1" 200 11414 "http://ais.dsi.uminho.pt/galeria/" "Mozilla/5.0 (Windows NT 10.0; WOW64; rv:49.0) Gecko/20100101 Firefox/49.0"
172.20.5.47 - - [22/Oct/2017:14:49:46 +0100] "GET /wp-content/themes/illdy/jsautoload/lbootstrap.min.js HTTP/1.1" 200 37045 "http://ais.dsi.uminho.pt/galeria/" "Mozilla/5.0 (Windows NT 10.0; WOW64; rv:49.0) Gecko/20100101 Firefox/49.0"
172.20.5.47 - - [22/Oct/2017:14:49:46 +0100] "GET /wp-content/themes/illdy/layout/css/bootstrap.min.css?ver=3.3.6 HTTP/1.1" 200 117036 "http://ais.dsi.uminho.pt/galeria/" "Mozilla/5.0 (Windows NT 10.0; WOW64; rv:49.0) Gecko/20100101 Firefox/49.0"
172.20.5.47 - - [22/Oct/2017:14:49:46 +0100] "GET /wp-includes/js/jquery/jquery.js?ver=1.12.4 HTTP/1.1" 200 97184 "http://ais.dsi.uminho.pt/galeria/" "Mozilla/5.0 (Windows NT 10.0; WOW64; rv:49.0) Gecko/20100101 Firefox/49.0"
172.20.5.47 - - [22/Oct/2017:14:49:46 +0100] "GET /wp-content/themes/illdy/jsautoload/vfunctions.js HTTP/1.1" 200 8311 "http://ais.dsi.uminho.pt/galeria/" "Mozilla/5.0 (Windows NT 10.0; WOW64; rv:49.0) Gecko/20100101 Firefox/49.0"
172.20.5.47 - - [22/Oct/2017:14:49:46 +0100] "GET /wp-content/themes/illdy/jsautoload/vlogin.js HTTP/1.1" 200 22942 "http://ais.dsi.uminho.pt/galeria/" "Mozilla/5.0 (Windows NT 10.0; WOW64; rv:49.0) Gecko/20100101 Firefox/49.0"
172.20.5.47 - - [22/Oct/2017:14:49:46 +0100] "GET /wp-content/themes/illdy/jsautoload/mbootstrap-confirmation.min.js HTTP/1.1" 200 4817 "http://ais.dsi.uminho.pt/galeria/" "Mozilla/5.0 (Windows NT 10.0; WOW64; rv:49.0) Gecko/20100101 Firefox/49.0"
172.20.5.47 - - [22/Oct/2017:14:49:46 +0100] "GET /wp-content/themes/illdy/jsautoload/mbootstrap-year-calendar.min.js HTTP/1.1" 200 20436 "http://ais.dsi.uminho.pt/galeria/" "Mozilla/5.0 (Windows NT 10.0; WOW64; rv:49.0) Gecko/20100101 Firefox/49.0"
172.20.5.47 - - [22/Oct/2017:14:49:46 +0100] "GET /wp-content/themes/illdy/jsautoload/vassociate.js HTTP/1.1" 200 31428 "http://ais.dsi.uminho.pt/galeria/" "Mozilla/5.0 (Windows NT 10.0; WOW64; rv:49.0) Gecko/20100101 Firefox/49.0"
172.20.5.47 - - [22/Oct/2017:14:49:46 +0100] "GET /wp-content/themes/illdy/jsautoload/jquery.js HTTP/1.1" 200 242142 "http://ais.dsi.uminho.pt/galeria/" "Mozilla/5.0 (Windows NT 10.0; WOW64; rv:49.0) Gecko/20100101 Firefox/49.0"
172.20.5.47 - - [22/Oct/2017:14:49:46 +0100] "GET /wp-content/themes/illdy/jsautoload/vjquery.dataTables.min.js HTTP/1.1" 200 83059 "http://ais.dsi.uminho.pt/galeria/" "Mozilla/5.0 (Windows NT 10.0; WOW64; rv:49.0) Gecko/20100101 Firefox/49.0"
172.20.5.47 - - [22/Oct/2017:14:49:47 +0100] "GET /wp-content/themes/illdy/jsautoload/vpayment.js HTTP/1.1" 200 736 "http://ais.dsi.uminho.pt/galeria/" "Mozilla/5.0 (Windows NT 10.0; WOW64; rv:49.0) Gecko/20100101 Firefox/49.0"
172.20.5.47 - - [22/Oct/2017:14:49:47 +0100] "GET /wp-content/themes/illdy/jsautoload/vregistrations.js HTTP/1.1" 200 26907 "http://ais.dsi.uminho.pt/galeria/" "Mozilla/5.0 (Windows NT 10.0; WOW64; rv:49.0) Gecko/20100101 Firefox/49.0"
172.20.5.47 - - [22/Oct/2017:14:49:47 +0100] "GET /wp-content/themes/illdy/jsautoload/zdataTables.buttons.min.js HTTP/1.1" 200 16520 "http://ais.dsi.uminho.pt/galeria/" "Mozilla/5.0 (Windows NT 10.0; WOW64; rv:49.0) Gecko/20100101 Firefox/49.0"
172.20.5.47 - - [22/Oct/2017:14:49:47 +0100] "GET /wp-content/themes/illdy/jsautoload/zzbuttons.print.min.js HTTP/1.1" 200 1950 "http://ais.dsi.uminho.pt/galeria/" "Mozilla/5.0 (Windows NT 10.0; WOW64; rv:49.0) Gecko/20100101 Firefox/49.0"
172.20.5.47 - - [22/Oct/2017:14:49:47 +0100] "GET /wp-content/themes/illdy/js/jquery_ui/jquery-ui.css HTTP/1.1" 200 35997 "http://ais.dsi.uminho.pt/galeria/" "Mozilla/5.0 (Windows NT 10.0; WOW64; rv:49.0) Gecko/20100101 Firefox/49.0"
172.20.5.47 - - [22/Oct/2017:14:49:47 +0100] "GET /wp-content/themes/illdy/layout/css/jquery.dataTables.min.css HTTP/1.1" 200 13587 "http://ais.dsi.uminho.pt/galeria/" "Mozilla/5.0 (Windows NT 10.0; WOW64; rv:49.0) Gecko/20100101 Firefox/49.0"
172.20.5.47 - - [22/Oct/2017:14:49:47 +0100] "GET /wp-content/themes/illdy/layout/css/bootstrap-year-calendar.min.css HTTP/1.1" 200 3678 "http://ais.dsi.uminho.pt/galeria/" "Mozilla/5.0 (Windows NT 10.0; WOW64; rv:49.0) Gecko/20100101 Firefox/49.0"
172.20.5.47 - - [22/Oct/2017:14:49:47 +0100] "GET /wp-content/themes/illdy/layout/css/buttons.dataTables.min.css HTTP/1.1" 200 9160 "http://ais.dsi.uminho.pt/galeria/" "Mozilla/5.0 (Windows NT 10.0; WOW64; rv:49.0) Gecko/20100101 Firefox/49.0"
172.20.5.47 - - [22/Oct/2017:14:49:47 +0100] "GET /wp-includes/js/admin-bar.min.js?ver=4.7.3 HTTP/1.1" 200 7188 "http://ais.dsi.uminho.pt/galeria/" "Mozilla/5.0 (Windows NT 10.0; WOW64; rv:49.0) Gecko/20100101 Firefox/49.0"
172.20.5.47 - - [22/Oct/2017:14:49:47 +0100] "GET /wp-content/plugins/quick-paypal-payments/quick-paypal-payments.js?ver=4.7.3 HTTP/1.1" 200 23410 "http://ais.dsi.uminho.pt/galeria/" "Mozilla/5.0 (Windows NT 10.0; WOW64; rv:49.0) Gecko/20100101 Firefox/49.0"
172.20.5.47 - - [22/Oct/2017:14:49:47 +0100] "GET /wp-includes/js/jquery/ui/effect.min.js?ver=1.11.4 HTTP/1.1" 200 13420 "http://ais.dsi.uminho.pt/galeria/" "Mozilla/5.0 (Windows NT 10.0; WOW64; rv:49.0) Gecko/20100101 Firefox/49.0"
172.20.5.47 - - [22/Oct/2017:14:49:47 +0100] "GET /wp-content/plugins/page-scroll-to-id/js/page-scroll-to-id.min.js?ver=1.6.2 HTTP/1.1" 200 16678 "http://ais.dsi.uminho.pt/galeria/" "Mozilla/5.0 (Windows NT 10.0; WOW64; rv:49.0) Gecko/20100101 Firefox/49.0"
172.20.5.47 - - [22/Oct/2017:14:49:47 +0100] "GET /wp-includes/js/jquery/ui/core.min.js?ver=1.11.4 HTTP/1.1" 200 4000 "http://ais.dsi.uminho.pt/galeria/" "Mozilla/5.0 (Windows NT 10.0; WOW64; rv:49.0) Gecko/20100101 Firefox/49.0"
172.20.5.47 - - [22/Oct/2017:14:49:47 +0100] "GET /wp-includes/js/jquery/ui/datepicker.min.js?ver=1.11.4 HTTP/1.1" 200 36508 "http://ais.dsi.uminho.pt/galeria/" "Mozilla/5.0 (Windows NT 10.0; WOW64; rv:49.0) Gecko/20100101 Firefox/49.0"
172.20.5.47 - - [22/Oct/2017:14:49:47 +0100] "GET /wp-includes/js/jquery/ui/widget.min.js?ver=1.11.4 HTTP/1.1" 200 6908 "http://ais.dsi.uminho.pt/galeria/" "Mozilla/5.0 (Windows NT 10.0; WOW64; rv:49.0) Gecko/20100101 Firefox/49.0"
172.20.5.47 - - [22/Oct/2017:14:49:47 +0100] "GET /wp-includes/js/jquery/ui/progressbar.min.js?ver=1.11.4 HTTP/1.1" 200 2472 "http://ais.dsi.uminho.pt/galeria/" "Mozilla/5.0 (Windows NT 10.0; WOW64; rv:49.0) Gecko/20100101 Firefox/49.0"
172.20.5.47 - - [22/Oct/2017:14:49:47 +0100] "GET /wp-content/themes/illdy/layout/js/bootstrap/bootstrap.min.js?ver=3.3.6 HTTP/1.1" 200 36758 "http://ais.dsi.uminho.pt/galeria/" "Mozilla/5.0 (Windows NT 10.0; WOW64; rv:49.0) Gecko/20100101 Firefox/49.0"
172.20.5.47 - - [22/Oct/2017:14:49:47 +0100] "GET /wp-content/themes/illdy/layout/js/owl-carousel/owl-carousel.min.js?ver=2.0.0 HTTP/1.1" 200 40502 "http://ais.dsi.uminho.pt/galeria/" "Mozilla/5.0 (Windows NT 10.0; WOW64; rv:49.0) Gecko/20100101 Firefox/49.0"
172.20.5.47 - - [22/Oct/2017:14:49:47 +0100] "GET /wp-content/themes/illdy/layout/js/count-to/count-to.min.js?ver=4.7.3 HTTP/1.1" 200 2053 "http://ais.dsi.uminho.pt/galeria/" "Mozilla/5.0 (Windows NT 10.0; WOW64; rv:49.0) Gecko/20100101 Firefox/49.0"
172.20.5.47 - - [22/Oct/2017:14:49:47 +0100] "GET /wp-content/themes/illdy/layout/js/visible/visible.min.js?ver=4.7.3 HTTP/1.1" 200 840 "http://ais.dsi.uminho.pt/galeria/" "Mozilla/5.0 (Windows NT 10.0; WOW64; rv:49.0) Gecko/20100101 Firefox/49.0"
172.20.5.47 - - [22/Oct/2017:14:49:47 +0100] "GET /wp-content/themes/illdy/layout/js/parallax.min.js?ver=1.0.16 HTTP/1.1" 200 6662 "http://ais.dsi.uminho.pt/galeria/" "Mozilla/5.0 (Windows NT 10.0; WOW64; rv:49.0) Gecko/20100101 Firefox/49.0"
172.20.5.47 - - [22/Oct/2017:14:49:47 +0100] "GET /wp-content/themes/illdy/layout/js/plugins.min.js?ver=1.0.16 HTTP/1.1" 200 1749 "http://ais.dsi.uminho.pt/galeria/" "Mozilla/5.0 (Windows NT 10.0; WOW64; rv:49.0) Gecko/20100101 Firefox/49.0"
172.20.5.47 - - [22/Oct/2017:14:49:47 +0100] "GET /wp-content/themes/illdy/layout/js/scripts.min.js?ver=1.0.16 HTTP/1.1" 200 2553 "http://ais.dsi.uminho.pt/galeria/" "Mozilla/5.0 (Windows NT 10.0; WOW64; rv:49.0) Gecko/20100101 Firefox/49.0"
172.20.5.47 - - [22/Oct/2017:14:49:47 +0100] "GET /wp-content/plugins/dynamic-to-top/js/libs/jquery.easing.js?ver=1.3 HTTP/1.1" 200 3678 "http://ais.dsi.uminho.pt/galeria/" "Mozilla/5.0 (Windows NT 10.0; WOW64; rv:49.0) Gecko/20100101 Firefox/49.0"
172.20.5.47 - - [22/Oct/2017:14:49:47 +0100] "GET /wp-content/plugins/dynamic-to-top/js/dynamic.to.top.dev.js?ver=3.5 HTTP/1.1" 200 1747 "http://ais.dsi.uminho.pt/galeria/" "Mozilla/5.0 (Windows NT 10.0; WOW64; rv:49.0) Gecko/20100101 Firefox/49.0"
172.20.5.47 - - [22/Oct/2017:14:49:47 +0100] "GET /wp-includes/js/wp-embed.min.js?ver=4.7.3 HTTP/1.1" 200 1398 "http://ais.dsi.uminho.pt/galeria/" "Mozilla/5.0 (Windows NT 10.0; WOW64; rv:49.0) Gecko/20100101 Firefox/49.0"
172.20.5.47 - - [22/Oct/2017:14:49:47 +0100] "GET /wp-content/uploads/2017/03/cropped-teste-e1490031045907.png HTTP/1.1" 200 13605 "http://ais.dsi.uminho.pt/galeria/" "Mozilla/5.0 (Windows NT 10.0; WOW64; rv:49.0) Gecko/20100101 Firefox/49.0"
172.20.5.47 - - [22/Oct/2017:14:49:47 +0100] "GET /wordpress/wp-content/uploads/2017/07/cropped-19686363_1897096620304301_2092868661_o.jpg HTTP/1.1" 200 56995 "http://ais.dsi.uminho.pt/galeria/" "Mozilla/5.0 (Windows NT 10.0; WOW64; rv:49.0) Gecko/20100101 Firefox/49.0"
172.20.5.47 - - [22/Oct/2017:14:49:47 +0100] "GET /wp-content/themes/illdy/js/jquery_ui/jquery-ui.js HTTP/1.1" 200 520714 "http://ais.dsi.uminho.pt/galeria/" "Mozilla/5.0 (Windows NT 10.0; WOW64; rv:49.0) Gecko/20100101 Firefox/49.0"
172.20.5.47 - - [22/Oct/2017:14:49:48 +0100] "GET /wp-content/uploads/2017/sobrenos/foto1.jpg HTTP/1.1" 200 76847 "http://ais.dsi.uminho.pt/galeria/" "Mozilla/5.0 (Windows NT 10.0; WOW64; rv:49.0) Gecko/20100101 Firefox/49.0"
172.20.5.47 - - [22/Oct/2017:14:49:48 +0100] "GET /wp-content/themes/illdy/layout/fonts/font-awesome/fontawesome-webfont.woff2?v=4.5.0 HTTP/1.1" 200 66624 "http://ais.dsi.uminho.pt/wp-content/themes/illdy/layout/css/font-awesome.min.css?ver=4.5.0" "Mozilla/5.0 (Windows NT 10.0; WOW64; rv:49.0) Gecko/20100101 Firefox/49.0"
172.20.5.47 - - [22/Oct/2017:14:49:50 +0100] "GET /wp-content/plugins/dynamic-to-top/css/images/up.png HTTP/1.1" 200 2938 "http://ais.dsi.uminho.pt/galeria/" "Mozilla/5.0 (Windows NT 10.0; WOW64; rv:49.0) Gecko/20100101 Firefox/49.0"
172.20.5.47 - - [22/Oct/2017:14:49:56 +0100] "POST /wp-admin/admin-ajax.php HTTP/1.1" 200 98 "http://ais.dsi.uminho.pt/wp-admin/post.php?post=1630&action=edit" "Mozilla/5.0 (Windows NT 10.0; WOW64; rv:49.0) Gecko/20100101 Firefox/49.0"
172.20.5.47 - - [22/Oct/2017:14:49:58 +0100] "POST /wp-admin/admin-ajax.php HTTP/1.1" 200 98 "http://ais.dsi.uminho.pt/wp-admin/post.php?post=1650&action=edit" "Mozilla/5.0 (Windows NT 10.0; WOW64; rv:49.0) Gecko/20100101 Firefox/49.0"
172.20.5.47 - - [22/Oct/2017:14:49:59 +0100] "POST /wp-admin/admin-ajax.php HTTP/1.1" 200 47 "http://ais.dsi.uminho.pt/wp-admin/edit.php?post_type=fa_gallery" "Mozilla/5.0 (Windows NT 10.0; WOW64; rv:49.0) Gecko/20100101 Firefox/49.0"
172.20.5.50 - - [22/Oct/2017:14:50:53 +0100] "GET / HTTP/1.1" 200 99367 "http://ais.dsi.uminho.pt/confirmar-registo/?foo=1" "Mozilla/5.0 (Windows NT 10.0; Win64; x64) AppleWebKit/537.36 (KHTML, like Gecko) Chrome/52.0.2743.116 Safari/537.36 Edge/15.15063"
172.20.5.50 - - [22/Oct/2017:14:50:54 +0100] "POST /wp-content/themes/illdy/bd/ HTTP/1.1" 200 2807 "http://ais.dsi.uminho.pt/" "Mozilla/5.0 (Windows NT 10.0; Win64; x64) AppleWebKit/537.36 (KHTML, like Gecko) Chrome/52.0.2743.116 Safari/537.36 Edge/15.15063"
172.20.5.50 - - [22/Oct/2017:14:50:55 +0100] "GET /favicon.ico HTTP/1.1" 200 - "-" "Mozilla/5.0 (Windows NT 10.0; Win64; x64) AppleWebKit/537.36 (KHTML, like Gecko) Chrome/52.0.2743.116 Safari/537.36 Edge/15.15063"
172.20.5.50 - - [22/Oct/2017:14:50:57 +0100] "GET /favicon.ico HTTP/1.1" 200 - "-" "Mozilla/5.0 (Windows NT 10.0; Win64; x64) AppleWebKit/537.36 (KHTML, like Gecko) Chrome/52.0.2743.116 Safari/537.36 Edge/15.15063"
172.20.5.47 - - [22/Oct/2017:14:51:08 +0100] "POST /wp-admin/admin-ajax.php HTTP/1.1" 200 47 "http://ais.dsi.uminho.pt/wp-admin/edit.php?post_type=page" "Mozilla/5.0 (Windows NT 10.0; WOW64; rv:49.0) Gecko/20100101 Firefox/49.0"
172.20.5.50 - - [22/Oct/2017:14:51:20 +0100] "POST /wp-content/themes/illdy/bd/ HTTP/1.1" 201 26 "http://ais.dsi.uminho.pt/" "Mozilla/5.0 (Windows NT 10.0; Win64; x64) AppleWebKit/537.36 (KHTML, like Gecko) Chrome/52.0.2743.116 Safari/537.36 Edge/15.15063"
172.20.5.50 - - [22/Oct/2017:14:51:21 +0100] "POST /confirmar-registo HTTP/1.1" 200 62731 "http://ais.dsi.uminho.pt/" "Mozilla/5.0 (Windows NT 10.0; Win64; x64) AppleWebKit/537.36 (KHTML, like Gecko) Chrome/52.0.2743.116 Safari/537.36 Edge/15.15063"
172.20.5.50 - - [22/Oct/2017:14:51:23 +0100] "GET /confirmar-registo?foo=1 HTTP/1.1" 301 - "http://ais.dsi.uminho.pt/" "Mozilla/5.0 (Windows NT 10.0; Win64; x64) AppleWebKit/537.36 (KHTML, like Gecko) Chrome/52.0.2743.116 Safari/537.36 Edge/15.15063"
172.20.5.50 - - [22/Oct/2017:14:51:23 +0100] "GET /confirmar-registo/?foo=1 HTTP/1.1" 200 62967 "http://ais.dsi.uminho.pt/" "Mozilla/5.0 (Windows NT 10.0; Win64; x64) AppleWebKit/537.36 (KHTML, like Gecko) Chrome/52.0.2743.116 Safari/537.36 Edge/15.15063"
172.20.5.47 - - [22/Oct/2017:14:51:28 +0100] "POST /wp-admin/admin-ajax.php HTTP/1.1" 200 98 "http://ais.dsi.uminho.pt/wp-admin/post.php?post=1630&action=edit" "Mozilla/5.0 (Windows NT 10.0; WOW64; rv:49.0) Gecko/20100101 Firefox/49.0"
172.20.5.47 - - [22/Oct/2017:14:51:43 +0100] "POST /wp-admin/admin-ajax.php HTTP/1.1" 200 168 "http://ais.dsi.uminho.pt/wp-admin/post.php?post=1630&action=edit" "Mozilla/5.0 (Windows NT 10.0; WOW64; rv:49.0) Gecko/20100101 Firefox/49.0"
172.20.5.47 - - [22/Oct/2017:14:51:58 +0100] "POST /wp-admin/admin-ajax.php HTTP/1.1" 200 98 "http://ais.dsi.uminho.pt/wp-admin/post.php?post=1650&action=edit" "Mozilla/5.0 (Windows NT 10.0; WOW64; rv:49.0) Gecko/20100101 Firefox/49.0"
172.20.5.47 - - [22/Oct/2017:14:51:58 +0100] "POST /wp-admin/admin-ajax.php HTTP/1.1" 200 98 "http://ais.dsi.uminho.pt/wp-admin/post.php?post=1630&action=edit" "Mozilla/5.0 (Windows NT 10.0; WOW64; rv:49.0) Gecko/20100101 Firefox/49.0"
172.20.5.47 - - [22/Oct/2017:14:51:59 +0100] "POST /wp-admin/admin-ajax.php HTTP/1.1" 200 47 "http://ais.dsi.uminho.pt/wp-admin/edit.php?post_type=fa_gallery" "Mozilla/5.0 (Windows NT 10.0; WOW64; rv:49.0) Gecko/20100101 Firefox/49.0"
172.20.5.47 - - [22/Oct/2017:14:52:13 +0100] "POST /wp-admin/admin-ajax.php HTTP/1.1" 200 98 "http://ais.dsi.uminho.pt/wp-admin/post.php?post=1630&action=edit" "Mozilla/5.0 (Windows NT 10.0; WOW64; rv:49.0) Gecko/20100101 Firefox/49.0"
172.20.5.50 - - [22/Oct/2017:14:52:22 +0100] "GET /dashboard HTTP/1.1" 302 - "-" "Mozilla/5.0 (Windows NT 10.0; Win64; x64) AppleWebKit/537.36 (KHTML, like Gecko) Chrome/52.0.2743.116 Safari/537.36 Edge/15.15063"
172.20.5.50 - - [22/Oct/2017:14:52:23 +0100] "GET /wp-admin/ HTTP/1.1" 302 - "-" "Mozilla/5.0 (Windows NT 10.0; Win64; x64) AppleWebKit/537.36 (KHTML, like Gecko) Chrome/52.0.2743.116 Safari/537.36 Edge/15.15063"
172.20.5.50 - - [22/Oct/2017:14:52:23 +0100] "GET /wp-login.php?redirect_to=http%3A%2F%2Fais.dsi.uminho.pt%2Fwp-admin%2F&reauth=1 HTTP/1.1" 200 2787 "-" "Mozilla/5.0 (Windows NT 10.0; Win64; x64) AppleWebKit/537.36 (KHTML, like Gecko) Chrome/52.0.2743.116 Safari/537.36 Edge/15.15063"
172.20.5.50 - - [22/Oct/2017:14:52:23 +0100] "GET /wp-admin/images/wordpress-logo.svg?ver=20131107 HTTP/1.1" 200 1521 "http://ais.dsi.uminho.pt/wp-login.php?redirect_to=http%3A%2F%2Fais.dsi.uminho.pt%2Fwp-admin%2F&reauth=1" "Mozilla/5.0 (Windows NT 10.0; Win64; x64) AppleWebKit/537.36 (KHTML, like Gecko) Chrome/52.0.2743.116 Safari/537.36 Edge/15.15063"
172.20.5.47 - - [22/Oct/2017:14:52:28 +0100] "POST /wp-admin/admin-ajax.php HTTP/1.1" 200 98 "http://ais.dsi.uminho.pt/wp-admin/post.php?post=1630&action=edit" "Mozilla/5.0 (Windows NT 10.0; WOW64; rv:49.0) Gecko/20100101 Firefox/49.0"
172.20.5.50 - - [22/Oct/2017:14:52:29 +0100] "POST /wp-login.php HTTP/1.1" 302 - "http://ais.dsi.uminho.pt/wp-login.php?redirect_to=http%3A%2F%2Fais.dsi.uminho.pt%2Fwp-admin%2F&reauth=1" "Mozilla/5.0 (Windows NT 10.0; Win64; x64) AppleWebKit/537.36 (KHTML, like Gecko) Chrome/52.0.2743.116 Safari/537.36 Edge/15.15063"
172.20.5.50 - - [22/Oct/2017:14:52:30 +0100] "GET /wp-content/plugins/jetpack/css/dashboard-widget.css?ver=4.7.1 HTTP/1.1" 200 4065 "http://ais.dsi.uminho.pt/wp-admin/" "Mozilla/5.0 (Windows NT 10.0; Win64; x64) AppleWebKit/537.36 (KHTML, like Gecko) Chrome/52.0.2743.116 Safari/537.36 Edge/15.15063"
172.20.5.50 - - [22/Oct/2017:14:52:30 +0100] "GET /wp-admin/ HTTP/1.1" 200 114463 "http://ais.dsi.uminho.pt/wp-login.php?redirect_to=http%3A%2F%2Fais.dsi.uminho.pt%2Fwp-admin%2F&reauth=1" "Mozilla/5.0 (Windows NT 10.0; Win64; x64) AppleWebKit/537.36 (KHTML, like Gecko) Chrome/52.0.2743.116 Safari/537.36 Edge/15.15063"
172.20.5.50 - - [22/Oct/2017:14:52:30 +0100] "GET /wp-content/plugins/post-types-order/images/menu-icon.png HTTP/1.1" 200 3835 "http://ais.dsi.uminho.pt/wp-admin/" "Mozilla/5.0 (Windows NT 10.0; Win64; x64) AppleWebKit/537.36 (KHTML, like Gecko) Chrome/52.0.2743.116 Safari/537.36 Edge/15.15063"
172.20.5.50 - - [22/Oct/2017:14:52:30 +0100] "GET /wp-content/plugins/google-analytics-for-wordpress/assets/css/images/menu-icon@2x.png HTTP/1.1" 200 1714 "http://ais.dsi.uminho.pt/wp-admin/" "Mozilla/5.0 (Windows NT 10.0; Win64; x64) AppleWebKit/537.36 (KHTML, like Gecko) Chrome/52.0.2743.116 Safari/537.36 Edge/15.15063"
172.20.5.50 - - [22/Oct/2017:14:52:30 +0100] "GET /wp-content/plugins/tidio-live-chat/media/img/icon.png HTTP/1.1" 200 2938 "http://ais.dsi.uminho.pt/wp-admin/" "Mozilla/5.0 (Windows NT 10.0; Win64; x64) AppleWebKit/537.36 (KHTML, like Gecko) Chrome/52.0.2743.116 Safari/537.36 Edge/15.15063"
172.20.5.50 - - [22/Oct/2017:14:52:30 +0100] "GET /wp-content/plugins/quick-paypal-payments/quick-paypal-style.php?ver=4.7.3 HTTP/1.1" 404 45623 "http://ais.dsi.uminho.pt/wp-admin/" "Mozilla/5.0 (Windows NT 10.0; Win64; x64) AppleWebKit/537.36 (KHTML, like Gecko) Chrome/52.0.2743.116 Safari/537.36 Edge/15.15063"
172.20.5.50 - - [22/Oct/2017:14:52:30 +0100] "GET /favicon.ico HTTP/1.1" 200 - "-" "Mozilla/5.0 (Windows NT 10.0; Win64; x64) AppleWebKit/537.36 (KHTML, like Gecko) Chrome/52.0.2743.116 Safari/537.36 Edge/15.15063"
172.20.5.50 - - [22/Oct/2017:14:52:30 +0100] "GET /wp-includes/fonts/dashicons.eot HTTP/1.1" 200 22449 "http://ais.dsi.uminho.pt/wp-admin/" "Mozilla/5.0 (Windows NT 10.0; Win64; x64) AppleWebKit/537.36 (KHTML, like Gecko) Chrome/52.0.2743.116 Safari/537.36 Edge/15.15063"
172.20.5.50 - - [22/Oct/2017:14:52:30 +0100] "GET /wp-content/plugins/jetpack/_inc/fonts/jetpack/jetpack.woff HTTP/1.1" 200 1172 "http://ais.dsi.uminho.pt/wp-admin/" "Mozilla/5.0 (Windows NT 10.0; Win64; x64) AppleWebKit/537.36 (KHTML, like Gecko) Chrome/52.0.2743.116 Safari/537.36 Edge/15.15063"
172.20.5.50 - - [22/Oct/2017:14:52:31 +0100] "GET /wp-includes/js/thickbox/loadingAnimation.gif HTTP/1.1" 200 15238 "http://ais.dsi.uminho.pt/wp-admin/" "Mozilla/5.0 (Windows NT 10.0; Win64; x64) AppleWebKit/537.36 (KHTML, like Gecko) Chrome/52.0.2743.116 Safari/537.36 Edge/15.15063"
172.20.5.50 - - [22/Oct/2017:14:52:34 +0100] "GET /wp-admin/media-new.php HTTP/1.1" 200 98470 "http://ais.dsi.uminho.pt/wp-admin/" "Mozilla/5.0 (Windows NT 10.0; Win64; x64) AppleWebKit/537.36 (KHTML, like Gecko) Chrome/52.0.2743.116 Safari/537.36 Edge/15.15063"
172.20.5.50 - - [22/Oct/2017:14:52:35 +0100] "GET /wp-admin/load-scripts.php?c=1&load%5B%5D=jquery-core,jquery-migrate,utils,plupload,plupload-handlers&ver=4.7.3 HTTP/1.1" 200 84907 "http://ais.dsi.uminho.pt/wp-admin/media-new.php" "Mozilla/5.0 (Windows NT 10.0; Win64; x64) AppleWebKit/537.36 (KHTML, like Gecko) Chrome/52.0.2743.116 Safari/537.36 Edge/15.15063"
172.20.5.50 - - [22/Oct/2017:14:52:35 +0100] "GET /wp-content/plugins/quick-paypal-payments/quick-paypal-style.php?ver=4.7.3 HTTP/1.1" 404 45623 "http://ais.dsi.uminho.pt/wp-admin/media-new.php" "Mozilla/5.0 (Windows NT 10.0; Win64; x64) AppleWebKit/537.36 (KHTML, like Gecko) Chrome/52.0.2743.116 Safari/537.36 Edge/15.15063"
172.20.5.50 - - [22/Oct/2017:14:52:35 +0100] "GET /favicon.ico HTTP/1.1" 200 - "-" "Mozilla/5.0 (Windows NT 10.0; Win64; x64) AppleWebKit/537.36 (KHTML, like Gecko) Chrome/52.0.2743.116 Safari/537.36 Edge/15.15063"
172.20.5.47 - - [22/Oct/2017:14:52:43 +0100] "POST /wp-admin/admin-ajax.php HTTP/1.1" 200 98 "http://ais.dsi.uminho.pt/wp-admin/post.php?post=1630&action=edit" "Mozilla/5.0 (Windows NT 10.0; WOW64; rv:49.0) Gecko/20100101 Firefox/49.0"
172.20.5.50 - - [22/Oct/2017:14:52:45 +0100] "POST /wp-admin/media-new.php HTTP/1.1" 302 - "http://ais.dsi.uminho.pt/wp-admin/media-new.php" "Mozilla/5.0 (Windows NT 10.0; Win64; x64) AppleWebKit/537.36 (KHTML, like Gecko) Chrome/52.0.2743.116 Safari/537.36 Edge/15.15063"
172.20.5.50 - - [22/Oct/2017:14:52:46 +0100] "GET /wp-admin/upload.php HTTP/1.1" 200 93346 "http://ais.dsi.uminho.pt/wp-admin/media-new.php" "Mozilla/5.0 (Windows NT 10.0; Win64; x64) AppleWebKit/537.36 (KHTML, like Gecko) Chrome/52.0.2743.116 Safari/537.36 Edge/15.15063"
172.20.5.50 - - [22/Oct/2017:14:52:47 +0100] "GET /wp-content/plugins/enhanced-media-library/js/eml-media-grid.js?ver=2.4.4 HTTP/1.1" 200 6749 "http://ais.dsi.uminho.pt/wp-admin/upload.php" "Mozilla/5.0 (Windows NT 10.0; Win64; x64) AppleWebKit/537.36 (KHTML, like Gecko) Chrome/52.0.2743.116 Safari/537.36 Edge/15.15063"
172.20.5.50 - - [22/Oct/2017:14:52:47 +0100] "GET /wp-admin/load-scripts.php?c=1&load%5B%5D=hoverIntent,common,admin-bar,underscore,shortcode,backbone,wp-util,wp-backbone,media-models,wp-plupload,jquery-ui-core,jquery-ui&load%5B%5D=-widget,jquery-ui-mouse,jquery-ui-sortable,mediaelement,wp-mediaelement,media-views,media-editor,media-audiovideo,mce-view,imgar&load%5B%5D=easelect,image-edit,media-grid,svg-painter,heartbeat,wp-auth-check,jquery-ui-resizable,jquery-ui-draggable,jquery-ui-button,jque&load%5B%5D=ry-ui-position,jquery-ui-dialog&ver=4.7.3 HTTP/1.1" 200 139185 "http://ais.dsi.uminho.pt/wp-admin/upload.php" "Mozilla/5.0 (Windows NT 10.0; Win64; x64) AppleWebKit/537.36 (KHTML, like Gecko) Chrome/52.0.2743.116 Safari/537.36 Edge/15.15063"
172.20.5.50 - - [22/Oct/2017:14:52:47 +0100] "GET /wp-content/plugins/quick-paypal-payments/quick-paypal-style.php?ver=4.7.3 HTTP/1.1" 404 45623 "http://ais.dsi.uminho.pt/wp-admin/upload.php" "Mozilla/5.0 (Windows NT 10.0; Win64; x64) AppleWebKit/537.36 (KHTML, like Gecko) Chrome/52.0.2743.116 Safari/537.36 Edge/15.15063"
172.20.5.47 - - [22/Oct/2017:14:52:46 +0100] "POST /wp-admin/post.php HTTP/1.1" 302 - "http://ais.dsi.uminho.pt/wp-admin/post.php?post=1630&action=edit" "Mozilla/5.0 (Windows NT 10.0; WOW64; rv:49.0) Gecko/20100101 Firefox/49.0"
172.20.5.50 - - [22/Oct/2017:14:52:48 +0100] "GET /wp-includes/images/spinner.gif HTTP/1.1" 200 4162 "http://ais.dsi.uminho.pt/wp-admin/upload.php" "Mozilla/5.0 (Windows NT 10.0; Win64; x64) AppleWebKit/537.36 (KHTML, like Gecko) Chrome/52.0.2743.116 Safari/537.36 Edge/15.15063"
172.20.5.47 - - [22/Oct/2017:14:52:48 +0100] "GET /wp-admin/post.php?post=1630&action=edit&message=1 HTTP/1.1" 200 147673 "http://ais.dsi.uminho.pt/wp-admin/post.php?post=1630&action=edit" "Mozilla/5.0 (Windows NT 10.0; WOW64; rv:49.0) Gecko/20100101 Firefox/49.0"
172.20.5.50 - - [22/Oct/2017:14:52:48 +0100] "POST /wp-admin/admin-ajax.php HTTP/1.1" 200 74593 "http://ais.dsi.uminho.pt/wp-admin/upload.php" "Mozilla/5.0 (Windows NT 10.0; Win64; x64) AppleWebKit/537.36 (KHTML, like Gecko) Chrome/52.0.2743.116 Safari/537.36 Edge/15.15063"
172.20.5.50 - - [22/Oct/2017:14:52:49 +0100] "GET /wp-content/uploads/2017/10/logo_ais_trp-150x88.png HTTP/1.1" 200 15137 "http://ais.dsi.uminho.pt/wp-admin/upload.php" "Mozilla/5.0 (Windows NT 10.0; Win64; x64) AppleWebKit/537.36 (KHTML, like Gecko) Chrome/52.0.2743.116 Safari/537.36 Edge/15.15063"
172.20.5.50 - - [22/Oct/2017:14:52:49 +0100] "GET /wp-content/uploads/2017/10/jobshop_ltsi2007-300x145.gif HTTP/1.1" 200 21173 "http://ais.dsi.uminho.pt/wp-admin/upload.php" "Mozilla/5.0 (Windows NT 10.0; Win64; x64) AppleWebKit/537.36 (KHTML, like Gecko) Chrome/52.0.2743.116 Safari/537.36 Edge/15.15063"
172.20.5.50 - - [22/Oct/2017:14:52:49 +0100] "GET /wp-content/uploads/2017/10/2017777-300x168.png HTTP/1.1" 200 20489 "http://ais.dsi.uminho.pt/wp-admin/upload.php" "Mozilla/5.0 (Windows NT 10.0; Win64; x64) AppleWebKit/537.36 (KHTML, like Gecko) Chrome/52.0.2743.116 Safari/537.36 Edge/15.15063"
172.20.5.50 - - [22/Oct/2017:14:52:49 +0100] "GET /wp-content/uploads/2017/10/201777-202x300.png HTTP/1.1" 200 61159 "http://ais.dsi.uminho.pt/wp-admin/upload.php" "Mozilla/5.0 (Windows NT 10.0; Win64; x64) AppleWebKit/537.36 (KHTML, like Gecko) Chrome/52.0.2743.116 Safari/537.36 Edge/15.15063"
172.20.5.50 - - [22/Oct/2017:14:52:49 +0100] "GET /wp-content/uploads/2017/10/20177-189x300.png HTTP/1.1" 200 56478 "http://ais.dsi.uminho.pt/wp-admin/upload.php" "Mozilla/5.0 (Windows NT 10.0; Win64; x64) AppleWebKit/537.36 (KHTML, like Gecko) Chrome/52.0.2743.116 Safari/537.36 Edge/15.15063"
172.20.5.50 - - [22/Oct/2017:14:52:49 +0100] "GET /wp-content/uploads/2017/10/2017-300x254.png HTTP/1.1" 200 66881 "http://ais.dsi.uminho.pt/wp-admin/upload.php" "Mozilla/5.0 (Windows NT 10.0; Win64; x64) AppleWebKit/537.36 (KHTML, like Gecko) Chrome/52.0.2743.116 Safari/537.36 Edge/15.15063"
172.20.5.50 - - [22/Oct/2017:14:52:49 +0100] "GET /wp-content/uploads/2017/10/dias-da-lig-2006-244x300.png HTTP/1.1" 200 70781 "http://ais.dsi.uminho.pt/wp-admin/upload.php" "Mozilla/5.0 (Windows NT 10.0; Win64; x64) AppleWebKit/537.36 (KHTML, like Gecko) Chrome/52.0.2743.116 Safari/537.36 Edge/15.15063"
172.20.5.50 - - [22/Oct/2017:14:52:49 +0100] "GET /wp-content/uploads/2017/10/20113-300x184.png HTTP/1.1" 200 108685 "http://ais.dsi.uminho.pt/wp-admin/upload.php" "Mozilla/5.0 (Windows NT 10.0; Win64; x64) AppleWebKit/537.36 (KHTML, like Gecko) Chrome/52.0.2743.116 Safari/537.36 Edge/15.15063"
172.20.5.50 - - [22/Oct/2017:14:52:49 +0100] "GET /wp-content/uploads/2017/10/20112-300x219.png HTTP/1.1" 200 99518 "http://ais.dsi.uminho.pt/wp-admin/upload.php" "Mozilla/5.0 (Windows NT 10.0; Win64; x64) AppleWebKit/537.36 (KHTML, like Gecko) Chrome/52.0.2743.116 Safari/537.36 Edge/15.15063"
172.20.5.50 - - [22/Oct/2017:14:52:49 +0100] "GET /wp-content/uploads/2017/10/20114-300x206.png HTTP/1.1" 200 86116 "http://ais.dsi.uminho.pt/wp-admin/upload.php" "Mozilla/5.0 (Windows NT 10.0; Win64; x64) AppleWebKit/537.36 (KHTML, like Gecko) Chrome/52.0.2743.116 Safari/537.36 Edge/15.15063"
172.20.5.50 - - [22/Oct/2017:14:52:49 +0100] "GET /wp-content/uploads/2017/10/2013-200x300.jpg HTTP/1.1" 200 15031 "http://ais.dsi.uminho.pt/wp-admin/upload.php" "Mozilla/5.0 (Windows NT 10.0; Win64; x64) AppleWebKit/537.36 (KHTML, like Gecko) Chrome/52.0.2743.116 Safari/537.36 Edge/15.15063"
172.20.5.50 - - [22/Oct/2017:14:52:49 +0100] "GET /wp-content/uploads/2017/10/20172-300x273.png HTTP/1.1" 200 69928 "http://ais.dsi.uminho.pt/wp-admin/upload.php" "Mozilla/5.0 (Windows NT 10.0; Win64; x64) AppleWebKit/537.36 (KHTML, like Gecko) Chrome/52.0.2743.116 Safari/537.36 Edge/15.15063"
172.20.5.50 - - [22/Oct/2017:14:52:49 +0100] "GET /wp-content/uploads/2017/10/2012-300x234.jpg HTTP/1.1" 200 14314 "http://ais.dsi.uminho.pt/wp-admin/upload.php" "Mozilla/5.0 (Windows NT 10.0; Win64; x64) AppleWebKit/537.36 (KHTML, like Gecko) Chrome/52.0.2743.116 Safari/537.36 Edge/15.15063"
172.20.5.50 - - [22/Oct/2017:14:52:49 +0100] "GET /wp-content/uploads/2017/10/2011-300x203.png HTTP/1.1" 200 93295 "http://ais.dsi.uminho.pt/wp-admin/upload.php" "Mozilla/5.0 (Windows NT 10.0; Win64; x64) AppleWebKit/537.36 (KHTML, like Gecko) Chrome/52.0.2743.116 Safari/537.36 Edge/15.15063"
172.20.5.47 - - [22/Oct/2017:14:52:48 +0100] "GET /wp-content/plugins/quick-paypal-payments/quick-paypal-style.php?ver=4.7.3 HTTP/1.1" 404 69803 "http://ais.dsi.uminho.pt/wp-admin/post.php?post=1630&action=edit&message=1" "Mozilla/5.0 (Windows NT 10.0; WOW64; rv:49.0) Gecko/20100101 Firefox/49.0"
172.20.5.50 - - [22/Oct/2017:14:52:49 +0100] "GET /wp-content/uploads/2017/10/tsi.2.market_15-300x218.jpg HTTP/1.1" 200 22203 "http://ais.dsi.uminho.pt/wp-admin/upload.php" "Mozilla/5.0 (Windows NT 10.0; Win64; x64) AppleWebKit/537.36 (KHTML, like Gecko) Chrome/52.0.2743.116 Safari/537.36 Edge/15.15063"
172.20.5.50 - - [22/Oct/2017:14:52:49 +0100] "GET /wp-content/uploads/2017/10/tsi.2.market_14-212x300.jpg HTTP/1.1" 200 17861 "http://ais.dsi.uminho.pt/wp-admin/upload.php" "Mozilla/5.0 (Windows NT 10.0; Win64; x64) AppleWebKit/537.36 (KHTML, like Gecko) Chrome/52.0.2743.116 Safari/537.36 Edge/15.15063"
172.20.5.50 - - [22/Oct/2017:14:52:49 +0100] "GET /wp-content/uploads/2017/09/integ-300x188.jpg HTTP/1.1" 200 17968 "http://ais.dsi.uminho.pt/wp-admin/upload.php" "Mozilla/5.0 (Windows NT 10.0; Win64; x64) AppleWebKit/537.36 (KHTML, like Gecko) Chrome/52.0.2743.116 Safari/537.36 Edge/15.15063"
172.20.5.50 - - [22/Oct/2017:14:52:49 +0100] "GET /wp-content/uploads/2017/09/integracao-300x188.jpg HTTP/1.1" 200 21075 "http://ais.dsi.uminho.pt/wp-admin/upload.php" "Mozilla/5.0 (Windows NT 10.0; Win64; x64) AppleWebKit/537.36 (KHTML, like Gecko) Chrome/52.0.2743.116 Safari/537.36 Edge/15.15063"
172.20.5.50 - - [22/Oct/2017:14:52:49 +0100] "GET /wp-content/uploads/2017/07/%C3%81baco_Logo-300x130.png HTTP/1.1" 200 25911 "http://ais.dsi.uminho.pt/wp-admin/upload.php" "Mozilla/5.0 (Windows NT 10.0; Win64; x64) AppleWebKit/537.36 (KHTML, like Gecko) Chrome/52.0.2743.116 Safari/537.36 Edge/15.15063"
172.20.5.50 - - [22/Oct/2017:14:52:49 +0100] "GET /wp-content/uploads/2017/07/rum-150x150.jpg HTTP/1.1" 200 7588 "http://ais.dsi.uminho.pt/wp-admin/upload.php" "Mozilla/5.0 (Windows NT 10.0; Win64; x64) AppleWebKit/537.36 (KHTML, like Gecko) Chrome/52.0.2743.116 Safari/537.36 Edge/15.15063"
172.20.5.50 - - [22/Oct/2017:14:52:49 +0100] "GET /wp-content/uploads/2017/10/400x400-300x300.png HTTP/1.1" 200 143419 "http://ais.dsi.uminho.pt/wp-admin/upload.php" "Mozilla/5.0 (Windows NT 10.0; Win64; x64) AppleWebKit/537.36 (KHTML, like Gecko) Chrome/52.0.2743.116 Safari/537.36 Edge/15.15063"
172.20.5.50 - - [22/Oct/2017:14:52:49 +0100] "GET /wp-content/uploads/2017/07/yme-150x150.jpg HTTP/1.1" 200 4320 "http://ais.dsi.uminho.pt/wp-admin/upload.php" "Mozilla/5.0 (Windows NT 10.0; Win64; x64) AppleWebKit/537.36 (KHTML, like Gecko) Chrome/52.0.2743.116 Safari/537.36 Edge/15.15063"
172.20.5.50 - - [22/Oct/2017:14:52:49 +0100] "GET /wp-content/uploads/2017/07/sistemasinformacao-140x150.jpg HTTP/1.1" 200 4533 "http://ais.dsi.uminho.pt/wp-admin/upload.php" "Mozilla/5.0 (Windows NT 10.0; Win64; x64) AppleWebKit/537.36 (KHTML, like Gecko) Chrome/52.0.2743.116 Safari/537.36 Edge/15.15063"
172.20.5.50 - - [22/Oct/2017:14:52:49 +0100] "GET /wp-content/uploads/2017/07/aaum-150x150.jpg HTTP/1.1" 200 4714 "http://ais.dsi.uminho.pt/wp-admin/upload.php" "Mozilla/5.0 (Windows NT 10.0; Win64; x64) AppleWebKit/537.36 (KHTML, like Gecko) Chrome/52.0.2743.116 Safari/537.36 Edge/15.15063"
172.20.5.50 - - [22/Oct/2017:14:52:49 +0100] "GET /wp-content/uploads/2017/07/um-150x150.gif HTTP/1.1" 200 6894 "http://ais.dsi.uminho.pt/wp-admin/upload.php" "Mozilla/5.0 (Windows NT 10.0; Win64; x64) AppleWebKit/537.36 (KHTML, like Gecko) Chrome/52.0.2743.116 Safari/537.36 Edge/15.15063"
172.20.5.50 - - [22/Oct/2017:14:52:49 +0100] "GET /wp-content/uploads/2017/07/image-2017-07-17-3-300x188.jpg HTTP/1.1" 200 15010 "http://ais.dsi.uminho.pt/wp-admin/upload.php" "Mozilla/5.0 (Windows NT 10.0; Win64; x64) AppleWebKit/537.36 (KHTML, like Gecko) Chrome/52.0.2743.116 Safari/537.36 Edge/15.15063"
172.20.5.50 - - [22/Oct/2017:14:52:49 +0100] "GET /wp-content/uploads/2017/07/image-2017-07-17-2-300x188.jpg HTTP/1.1" 200 16322 "http://ais.dsi.uminho.pt/wp-admin/upload.php" "Mozilla/5.0 (Windows NT 10.0; Win64; x64) AppleWebKit/537.36 (KHTML, like Gecko) Chrome/52.0.2743.116 Safari/537.36 Edge/15.15063"
172.20.5.50 - - [22/Oct/2017:14:52:49 +0100] "GET /wp-content/uploads/2017/07/image-2017-07-17-300x188.jpg HTTP/1.1" 200 16588 "http://ais.dsi.uminho.pt/wp-admin/upload.php" "Mozilla/5.0 (Windows NT 10.0; Win64; x64) AppleWebKit/537.36 (KHTML, like Gecko) Chrome/52.0.2743.116 Safari/537.36 Edge/15.15063"
172.20.5.50 - - [22/Oct/2017:14:52:49 +0100] "GET /wp-content/uploads/2017/07/image-2017-07-17-1-300x188.jpg HTTP/1.1" 200 12892 "http://ais.dsi.uminho.pt/wp-admin/upload.php" "Mozilla/5.0 (Windows NT 10.0; Win64; x64) AppleWebKit/537.36 (KHTML, like Gecko) Chrome/52.0.2743.116 Safari/537.36 Edge/15.15063"
172.20.5.50 - - [22/Oct/2017:14:52:51 +0100] "GET /wp-includes/images/uploader-icons.png HTTP/1.1" 200 1556 "http://ais.dsi.uminho.pt/wp-admin/upload.php" "Mozilla/5.0 (Windows NT 10.0; Win64; x64) AppleWebKit/537.36 (KHTML, like Gecko) Chrome/52.0.2743.116 Safari/537.36 Edge/15.15063"
172.20.5.50 - - [22/Oct/2017:14:52:49 +0100] "GET /wp-content/uploads/2017/07/aaum-300x300.jpg HTTP/1.1" 404 20561 "http://ais.dsi.uminho.pt/wp-admin/upload.php" "Mozilla/5.0 (Windows NT 10.0; Win64; x64) AppleWebKit/537.36 (KHTML, like Gecko) Chrome/52.0.2743.116 Safari/537.36 Edge/15.15063"
172.20.5.50 - - [22/Oct/2017:14:52:49 +0100] "GET /wp-content/uploads/2017/07/image-2017-07-17-2-2-300x188.jpg HTTP/1.1" 404 20561 "http://ais.dsi.uminho.pt/wp-admin/upload.php" "Mozilla/5.0 (Windows NT 10.0; Win64; x64) AppleWebKit/537.36 (KHTML, like Gecko) Chrome/52.0.2743.116 Safari/537.36 Edge/15.15063"
172.20.5.50 - - [22/Oct/2017:14:52:49 +0100] "GET /wp-content/uploads/2017/07/image-2017-07-17-1-1-300x188.jpg HTTP/1.1" 404 45623 "http://ais.dsi.uminho.pt/wp-admin/upload.php" "Mozilla/5.0 (Windows NT 10.0; Win64; x64) AppleWebKit/537.36 (KHTML, like Gecko) Chrome/52.0.2743.116 Safari/537.36 Edge/15.15063"
172.20.5.50 - - [22/Oct/2017:14:52:49 +0100] "GET /wp-content/uploads/2017/07/image-2017-07-17-2-1-300x188.jpg HTTP/1.1" 404 45623 "http://ais.dsi.uminho.pt/wp-admin/upload.php" "Mozilla/5.0 (Windows NT 10.0; Win64; x64) AppleWebKit/537.36 (KHTML, like Gecko) Chrome/52.0.2743.116 Safari/537.36 Edge/15.15063"
172.20.5.50 - - [22/Oct/2017:14:52:49 +0100] "GET /wp-content/uploads/2017/07/image-2017-07-17-5-300x188.jpg HTTP/1.1" 404 45623 "http://ais.dsi.uminho.pt/wp-admin/upload.php" "Mozilla/5.0 (Windows NT 10.0; Win64; x64) AppleWebKit/537.36 (KHTML, like Gecko) Chrome/52.0.2743.116 Safari/537.36 Edge/15.15063"
172.20.5.50 - - [22/Oct/2017:14:52:50 +0100] "GET /wp-content/uploads/2017/07/image-2017-07-17-4-300x188.jpg HTTP/1.1" 404 45623 "http://ais.dsi.uminho.pt/wp-admin/upload.php" "Mozilla/5.0 (Windows NT 10.0; Win64; x64) AppleWebKit/537.36 (KHTML, like Gecko) Chrome/52.0.2743.116 Safari/537.36 Edge/15.15063"
172.20.5.50 - - [22/Oct/2017:14:52:49 +0100] "POST /wp-admin/admin-ajax.php HTTP/1.1" 200 80415 "http://ais.dsi.uminho.pt/wp-admin/upload.php" "Mozilla/5.0 (Windows NT 10.0; Win64; x64) AppleWebKit/537.36 (KHTML, like Gecko) Chrome/52.0.2743.116 Safari/537.36 Edge/15.15063"
172.20.5.47 - - [22/Oct/2017:14:52:50 +0100] "GET /wp-admin/admin-ajax.php?action=oembed-cache&post=1630 HTTP/1.1" 200 1 "http://ais.dsi.uminho.pt/wp-admin/post.php?post=1630&action=edit" "Mozilla/5.0 (Windows NT 10.0; WOW64; rv:49.0) Gecko/20100101 Firefox/49.0"
172.20.5.50 - - [22/Oct/2017:14:52:52 +0100] "GET /wp-content/uploads/2017/07/cidade_changed-300x169.jpg HTTP/1.1" 200 19050 "http://ais.dsi.uminho.pt/wp-admin/upload.php" "Mozilla/5.0 (Windows NT 10.0; Win64; x64) AppleWebKit/537.36 (KHTML, like Gecko) Chrome/52.0.2743.116 Safari/537.36 Edge/15.15063"
172.20.5.50 - - [22/Oct/2017:14:52:52 +0100] "GET /wp-content/uploads/2017/07/cidade-300x169.jpg HTTP/1.1" 200 18959 "http://ais.dsi.uminho.pt/wp-admin/upload.php" "Mozilla/5.0 (Windows NT 10.0; Win64; x64) AppleWebKit/537.36 (KHTML, like Gecko) Chrome/52.0.2743.116 Safari/537.36 Edge/15.15063"
172.20.5.50 - - [22/Oct/2017:14:52:52 +0100] "GET /wp-content/uploads/2017/07/univer-300x195.jpg HTTP/1.1" 200 17714 "http://ais.dsi.uminho.pt/wp-admin/upload.php" "Mozilla/5.0 (Windows NT 10.0; Win64; x64) AppleWebKit/537.36 (KHTML, like Gecko) Chrome/52.0.2743.116 Safari/537.36 Edge/15.15063"
172.20.5.50 - - [22/Oct/2017:14:52:52 +0100] "GET /wp-content/uploads/2017/07/residencias-300x199.jpg HTTP/1.1" 200 17069 "http://ais.dsi.uminho.pt/wp-admin/upload.php" "Mozilla/5.0 (Windows NT 10.0; Win64; x64) AppleWebKit/537.36 (KHTML, like Gecko) Chrome/52.0.2743.116 Safari/537.36 Edge/15.15063"
172.20.5.50 - - [22/Oct/2017:14:52:52 +0100] "GET /wp-content/uploads/2017/07/cropped-19686363_1897096620304301_2092868661_o-300x83.jpg HTTP/1.1" 200 2740 "http://ais.dsi.uminho.pt/wp-admin/upload.php" "Mozilla/5.0 (Windows NT 10.0; Win64; x64) AppleWebKit/537.36 (KHTML, like Gecko) Chrome/52.0.2743.116 Safari/537.36 Edge/15.15063"
172.20.5.50 - - [22/Oct/2017:14:52:52 +0100] "GET /wp-content/uploads/2017/07/integracao-300x225.jpg HTTP/1.1" 200 19014 "http://ais.dsi.uminho.pt/wp-admin/upload.php" "Mozilla/5.0 (Windows NT 10.0; Win64; x64) AppleWebKit/537.36 (KHTML, like Gecko) Chrome/52.0.2743.116 Safari/537.36 Edge/15.15063"
172.20.5.50 - - [22/Oct/2017:14:52:52 +0100] "GET /wp-content/uploads/2017/07/19686363_1897096620304301_2092868661_o-300x200.jpg HTTP/1.1" 200 7728 "http://ais.dsi.uminho.pt/wp-admin/upload.php" "Mozilla/5.0 (Windows NT 10.0; Win64; x64) AppleWebKit/537.36 (KHTML, like Gecko) Chrome/52.0.2743.116 Safari/537.36 Edge/15.15063"
